Info: Starting: Create block symbol file (.bsf)
Info: qsys-generate C:\Users\va956\Desktop\Magnetometro_de_Rb\Lockin\cordic_R.qsys --block-symbol-file --output-directory=C:\Users\va956\Desktop\Magnetometro_de_Rb\Lockin\cordic_R --family="Cyclone V" --part=5CSXFC6D6F31C6
Progress: Loading Lockin/cordic_R.qsys
Progress: Reading input file
Progress: Adding CORDIC_0 [altera_CORDIC 18.1]
Progress: Parameterizing module CORDIC_0
Progress: Building connections
Progress: Parameterizing connections
Progress: Validating
Progress: Done reading input file
Info: qsys-generate succeeded.
Info: Finished: Create block symbol file (.bsf)
Info: 
Info: Starting: Create HDL design files for synthesis
Info: qsys-generate C:\Users\va956\Desktop\Magnetometro_de_Rb\Lockin\cordic_R.qsys --synthesis=VERILOG --output-directory=C:\Users\va956\Desktop\Magnetometro_de_Rb\Lockin\cordic_R\synthesis --family="Cyclone V" --part=5CSXFC6D6F31C6
Progress: Loading Lockin/cordic_R.qsys
Progress: Reading input file
Progress: Adding CORDIC_0 [altera_CORDIC 18.1]
Progress: Parameterizing module CORDIC_0
Progress: Building connections
Progress: Parameterizing connections
Progress: Validating
Progress: Done reading input file
Info: cordic_R: Generating cordic_R "cordic_R" for QUARTUS_SYNTH
Info: CORDIC_0: C:/intelfpga_lite/18.1/quartus/dspba/backend/windows64/cmdPolyEval -target CycloneV -frequency 200 -name cordic_R_CORDIC_0 -noChanValid -faithfulRounding -enable -printMachineReadable -lang VHDL -speedgrade 6_H6 FXPVecTranslate 24 23 1 23 1
Info: CORDIC_0: Latency on Cyclone V is 32 cycles
Info: CORDIC_0: DSP Blocks Used: 0
Info: CORDIC_0: LUTs Used: 5178
Info: CORDIC_0: Memory Bits Used: 0
Info: CORDIC_0: Memory Blocks Used: 0
Info: CORDIC_0: "cordic_R" instantiated altera_CORDIC "CORDIC_0"
Info: cordic_R: Done "cordic_R" with 2 modules, 4 files
Info: qsys-generate succeeded.
Info: Finished: Create HDL design files for synthesis
